
> chocolate-portfolio@1.0.0 build
> next build

  鈻?Next.js 14.2.35

   Creating an optimized production build ...
 鉁?Compiled successfully
   Linting and checking validity of types ...
   Collecting page data ...
   Generating static pages (0/4) ...
   Generating static pages (1/4) 
   Generating static pages (2/4) 
   Generating static pages (3/4) 
 鉁?Generating static pages (4/4)
   Finalizing page optimization ...
   Collecting build traces ...
